%!Adobe-FontList 1.20
%Locale:0x409

%BeginFont
Handler:DirectoryHandler
FontType:TrueType
FontName:UbuntuMono-Bold
FamilyName:Ubuntu Mono
StyleName:Bold
MenuName:Ubuntu Mono
StyleBits:2
WeightClass:700
WidthClass:5
AngleClass:0
FullName:Ubuntu Mono Bold
WritingScript:Roman
OutlineFileName:/Users/diehlu/Documents/inno-space/Social Media/Know more Ordner/Document fonts/UbuntuMono-Bold.ttf
DataFormat:sfntData
hasSVG:no
VariableFontType:NonVariableFont
FileLength:174008
FileModTime:339458400
NameArray:0,Win,1,Ubuntu Mono
NameArray:0,Win,16,Ubuntu Mono
%EndFont

%BeginFont
Handler:DirectoryHandler
FontType:Invalid
OutlineFileName:/Users/diehlu/Documents/inno-space/Social Media/Know more Ordner/Document fonts/AdobeFnt21.lst
FileLength:1034
FileModTime:616319252
%EndFont

%BeginFont
Handler:DirectoryHandler
FontType:TrueType
FontName:Ubuntu-Bold
FamilyName:Ubuntu
StyleName:Bold
MenuName:Ubuntu
StyleBits:2
WeightClass:700
WidthClass:5
AngleClass:0
FullName:Ubuntu Bold
WritingScript:Roman
OutlineFileName:/Users/diehlu/Documents/inno-space/Social Media/Know more Ordner/Document fonts/Ubuntu-Bold.ttf
DataFormat:sfntData
hasSVG:no
VariableFontType:NonVariableFont
FileLength:269584
FileModTime:314060400
NameArray:0,Win,1,Ubuntu
%EndFont

